// Jest Snapshot v1, https://goo.gl/fbAQLP

exports[`Home Page Home Page Snapshot 1`] = `
<div>
  <header
    className="header-bg"
  >
    <div
      className="head"
    >
      <h1>
        "Every 3 seconds someone in the world develops dementia"
      </h1>
      <div>
        <p>
          There were an estimated 50 million people worldwide living with dementia in 2017. This number will almost double every 20 years, reaching 75 million in 2030 and 131.5 million in 2050. Much of the increase will be in low and middle income countries. Already 58% of people with dementia live in low and middle income countries, but by 2050 this will rise to 68%. 
        </p>
      </div>
    </div>
  </header>
  <form
    id="experiment_form"
    onSubmit={[Function]}
  >
    <div
      className="form-group experiment"
    >
      <br />
      <div
        className="MuiFormControl-root w-100"
      >
        <div
          className="MuiFormControl-root MuiTextField-root MuiFormControl-marginNormal"
        >
          <label
            className="MuiFormLabel-root MuiInputLabel-root MuiInputLabel-formControl MuiInputLabel-animated MuiInputLabel-outlined Mui-required Mui-required"
            data-shrink={false}
            htmlFor="outlined-id"
            id="outlined-id-label"
          >
            Experiment ID
            <span
              className="MuiFormLabel-asterisk MuiInputLabel-asterisk"
            >
              â€‰
              *
            </span>
          </label>
          <div
            className="MuiInputBase-root MuiOutlinedInput-root MuiInputBase-formControl"
            onClick={[Function]}
          >
            <input
              aria-invalid={false}
              className="MuiInputBase-input MuiOutlinedInput-input"
              disabled={false}
              id="outlined-id"
              name="id"
              onAnimationStart={[Function]}
              onBlur={[Function]}
              onChange={[Function]}
              onFocus={[Function]}
              placeholder="U001"
              required={true}
              type="text"
              value=""
            />
            <fieldset
              aria-hidden={true}
              className="PrivateNotchedOutline-root-338 MuiOutlinedInput-notchedOutline"
              style={
                Object {
                  "paddingLeft": 8,
                }
              }
            >
              <legend
                className="PrivateNotchedOutline-legend-339"
                style={
                  Object {
                    "width": 0.01,
                  }
                }
              >
                <span
                  dangerouslySetInnerHTML={
                    Object {
                      "__html": "&#8203;",
                    }
                  }
                />
              </legend>
            </fieldset>
          </div>
        </div>
      </div>
      <small
        className="form-text text-muted"
      >
        By continuing you comply with our terms and conditions.
      </small>
      <div
        className="position-relative"
      >
        <button
          className="btn experiment-btn"
          disabled={false}
          id="submitButton"
          type="submit"
        >
          Try Experiment
        </button>
      </div>
    </div>
  </form>
  <section
    className="intro"
  >
    <h2>
      About Us
    </h2>
    <div>
      <p>
        We are a group of students from NTU who have developed an application based on Trail Making Tests for researchers and doctors alike to diagnose and treat patients with dementia. Researchers are able to use our application for research purposes by getting participants to use our application.
      </p>
    </div>
  </section>
  <div
    className="top-services"
  >
    <h2>
      We Are Looking For
    </h2>
    <div
      className="services"
    >
      <div
        className="service-one"
      >
        <p
          className="service-icon"
        >
          <i
            className="fas fa-users"
          />
        </p>
        <p
          className="service-title"
        >
          Participants
        </p>
        <p>
          Participants of research groups to aid in the research of dementia.
        </p>
      </div>
      <div
        className="service-two"
      >
        <p
          className="service-icon"
        >
          <i
            className="fas fa-user-graduate"
          />
        </p>
        <p
          className="service-title"
        >
          Researchers
        </p>
        <p>
          Scientists and researchers currently making great strides in identifying potential new ways to help diagnose, treat, and even prevent Alzheimer's and related dementias.
        </p>
      </div>
      <div
        className="service-three"
      >
        <p
          className="service-icon"
        >
          <i
            className="fas fa-user-md"
          />
        </p>
        <p
          className="service-title"
        >
          Doctors
        </p>
        <p>
          Doctors trained in brain conditions (neurologist) or doctors trained to treat older adults (geriatrician).
        </p>
      </div>
    </div>
  </div>
  <footer>
    <h3>
      TrailMakingTest by EasyA
    </h3>
    <p>
      Support 
      <br />
       TMT@easyA.com
    </p>
    <ul>
      <li>
        <a
          href="#"
        >
          <i
            className="fab fa-facebook-f"
          />
        </a>
      </li>
      <li>
        <a
          href="#"
        >
          <i
            className="fab fa-twitter"
          />
        </a>
      </li>
      <li>
        <a
          href="#"
        >
          <i
            className="fab fa-instagram"
          />
        </a>
      </li>
      <li>
        <a
          href="#"
        >
          <i
            className="fab fa-github"
          />
        </a>
      </li>
      <li>
        <a
          href="#"
        >
          <i
            className="fab fa-linkedin"
          />
        </a>
      </li>
    </ul>
  </footer>
</div>
`;

exports[`blog page Rendering static blog page 1`] = `
<div
  className="blog-bg"
>
  <div>
    <h3
      className="MuiTypography-root m-3 MuiTypography-h3"
    >
      Blog
    </h3>
    <div
      className="MuiSkeleton-root MuiSkeleton-text m-3 MuiSkeleton-animate"
      style={
        Object {
          "height": 460,
          "width": "97%",
        }
      }
    />
    <div
      className="MuiSkeleton-root MuiSkeleton-text m-3 MuiSkeleton-animate"
      style={
        Object {
          "height": 460,
          "width": "97%",
        }
      }
    />
    <div
      className="MuiSkeleton-root MuiSkeleton-text m-3 MuiSkeleton-animate"
      style={
        Object {
          "height": 460,
          "width": "97%",
        }
      }
    />
    )
  </div>
  <div
    className="m-2"
  >
    <div
      className="MuiPaper-root MuiPaper-elevation1 p-4 MuiPaper-rounded"
    >
      <h4
        className="MuiTypography-root MuiTypography-h4"
      >
        What can i do if someone i know is showing signs of dementia?
      </h4>
      <div
        className="MuiPaper-root MuiPaper-elevation0 MuiStepper-root MuiStepper-vertical"
      >
        <div
          className="MuiStep-root MuiStep-vertical MuiStep-completed"
        >
          <span
            className="MuiStepLabel-root MuiStepLabel-vertical"
          >
            <span
              className="MuiStepLabel-iconContainer"
            >
              <div>
                <i
                  className="far fa-edit"
                />
              </div>
            </span>
            <span
              className="MuiStepLabel-labelContainer"
            >
              <span
                className="MuiTypography-root MuiStepLabel-label MuiStepLabel-completed MuiTypography-body2 MuiTypography-displayBlock"
              >
                He/she should see a doctor for an assessment and diagnosis.
              </span>
            </span>
          </span>
        </div>
        <div
          className="MuiStepConnector-root MuiStepConnector-vertical MuiStepConnector-completed"
        >
          <span
            className="MuiStepConnector-line MuiStepConnector-lineVertical"
          />
        </div>
        <div
          className="MuiStep-root MuiStep-vertical MuiStep-completed"
        >
          <span
            className="MuiStepLabel-root MuiStepLabel-vertical"
          >
            <span
              className="MuiStepLabel-iconContainer"
            >
              <div>
                <i
                  className="fas fa-info-circle"
                />
              </div>
            </span>
            <span
              className="MuiStepLabel-labelContainer"
            >
              <span
                className="MuiTypography-root MuiStepLabel-label MuiStepLabel-completed MuiTypography-body2 MuiTypography-displayBlock"
              >
                Get some understanding about dementia. Your doctor can put you in touch with people who can help.
              </span>
            </span>
          </span>
        </div>
        <div
          className="MuiStepConnector-root MuiStepConnector-vertical MuiStepConnector-completed"
        >
          <span
            className="MuiStepConnector-line MuiStepConnector-lineVertical"
          />
        </div>
        <div
          className="MuiStep-root MuiStep-vertical MuiStep-completed"
        >
          <span
            className="MuiStepLabel-root MuiStepLabel-vertical"
          >
            <span
              className="MuiStepLabel-iconContainer"
            >
              <div>
                <i
                  className="fas fa-life-ring"
                />
              </div>
            </span>
            <span
              className="MuiStepLabel-labelContainer"
            >
              <span
                className="MuiTypography-root MuiStepLabel-label MuiStepLabel-completed MuiTypography-body2 MuiTypography-displayBlock"
              >
                Rally for support. Caring for people with dementia is challenging and can be exhausting both physically and emotionally. Learn to talk about your problems. Make sure that you get enough rest. Take care of your own physical and mental well-being.
              </span>
            </span>
          </span>
        </div>
        <div
          className="MuiStepConnector-root MuiStepConnector-vertical MuiStepConnector-completed"
        >
          <span
            className="MuiStepConnector-line MuiStepConnector-lineVertical"
          />
        </div>
        <div
          className="MuiStep-root MuiStep-vertical MuiStep-completed"
        >
          <span
            className="MuiStepLabel-root MuiStepLabel-vertical"
          >
            <span
              className="MuiStepLabel-iconContainer"
            >
              <div>
                <i
                  className="fas fa-users"
                />
              </div>
            </span>
            <span
              className="MuiStepLabel-labelContainer"
            >
              <span
                className="MuiTypography-root MuiStepLabel-label MuiStepLabel-completed MuiTypography-body2 MuiTypography-displayBlock"
              >
                Group support is important. Meet with others who are also caring for people with dementia. Sharing provides mutual support for caregivers.
              </span>
            </span>
          </span>
        </div>
        <div
          className="MuiStepConnector-root MuiStepConnector-vertical MuiStepConnector-completed"
        >
          <span
            className="MuiStepConnector-line MuiStepConnector-lineVertical"
          />
        </div>
        <div
          className="MuiStep-root MuiStep-vertical MuiStep-completed"
        >
          <span
            className="MuiStepLabel-root MuiStepLabel-vertical"
          >
            <span
              className="MuiStepLabel-iconContainer"
            >
              <div>
                <i
                  className="fas fa-user-md"
                />
              </div>
            </span>
            <span
              className="MuiStepLabel-labelContainer"
            >
              <span
                className="MuiTypography-root MuiStepLabel-label MuiStepLabel-completed MuiTypography-body2 MuiTypography-displayBlock"
              >
                Get expert advice especially with coping with challenging behaviour.
              </span>
            </span>
          </span>
        </div>
      </div>
    </div>
    <div
      className="MuiPaper-root MuiPaper-elevation1 p-4 mt-3 card-left MuiPaper-rounded"
    >
      <i
        className="fas fa-phone-alt align-self-center"
        style={
          Object {
            "color": "rgb(248,107,70)",
            "fontSize": "40px",
          }
        }
      />
      <div
        className="ml-2"
      >
        <h5
          className="MuiTypography-root MuiTypography-h5"
        >
          HPB Dementia Infoline
        </h5>
        <h3
          className="MuiTypography-root MuiTypography-h3"
          style={
            Object {
              "color": "rgb(248,107,70)",
              "fontWeight": "600",
            }
          }
        >
          1800 223 1123
        </h3>
      </div>
    </div>
    <div
      className="MuiPaper-root MuiPaper-elevation1 p-4 mt-3 card-left MuiPaper-rounded"
    >
      <i
        className="fas fa-phone-alt align-self-center"
        style={
          Object {
            "color": "rgb(248,107,70)",
            "fontSize": "40px",
          }
        }
      />
      <div
        className="ml-2"
      >
        <h5
          className="MuiTypography-root MuiTypography-h5"
        >
          Alzheimer's Disease Association Dementia Helpline
        </h5>
        <h3
          className="MuiTypography-root MuiTypography-h3"
          style={
            Object {
              "color": "rgb(248,107,70)",
              "fontWeight": "600",
            }
          }
        >
          6377 0700
        </h3>
      </div>
    </div>
  </div>
</div>
`;
